---
source: tests/cli.rs
expression: normalized_stderr
---
error: unrecognized subcommand 'list-recipes'

  tip: a similar subcommand exists: 'recipe'

Usage: nutriterm <COMMAND>

For more information, try '--help'.
