---
source: tests/kitchen_ref.rs
expression: normalized_stderr
---
Error: Not in a nutrition calculator workspace (or any parent directory)
Searched: [TEMP_DIR]/outside, [TEMP_DIR], /tmp, /
Run 'nutriterm init' to create a workspace.
