---
source: tests/recipe.rs
expression: snapshot_content
---
Available recipes: Chicken Rice Bowl
$ nutriterm recipe pizza
No matches for 'pizza'. Available recipes: Chicken Rice Bowl
