---
source: tests/recipe.rs
expression: normalized_stderr
---
Error: Recipe 'test-recipe' references unknown ingredient 'chiken_breast'.

Did you mean 'chicken_breast'?

Available ingredient IDs: chicken_breast

Tip: Fix ingredient references in recipes.jsonc before running commands.
